<html><head>   This is the head   </head><body></body></html>
