<html><head><script>
<!--
</script>
</head><html><a id="aw" onMouseOver="return ss('')"><b></b></a></html></body>