This is ok.{This is also ok.}Look ma!, no template substitutions at all!