<h1>Hello World!</h1><h1>Hello &lt;script&gt;alert(1)&lt;/script&gt; World!</h1><img src="http://www.google.com/"><img src="#"><div style="background:red"><div style="background:evil! "></div><script>var msg_text = 'your text here';var msg_text = 'your text\x27is clever\x27thanks';</script>Goodbye Mr. Nice!Goodbye Doctor&lt;script&gt;alert(2)&lt;/script&gt;Evil!