P.abstract {margin-left:0;text-align:center;font-size:120%;}.italic {font-style:italic}H1 {font-size:12pt;color:#FF7BD5;}BODY {background:transparent url('httpwww.google.com');}