<h1></h1><h1></h1><img src=""><img src=""><div style="background:"><div style="background:"></div><script>var msg_text = '';var msg_text = '';</script>Goodbye !Goodbye !