var msg_text1 = '';var msg_text2 = '';var msg_text3 = ;var msg_text4 = '';