<html><body>monday &amp; tuesdaymonday &amp;amp; tuesdaymonday \x26amp; tuesdaymonday+%26amp%3Bamp%3B+tuesday<IMG src=foo.jpg align="right"><IMG src="mouseover() {img=\'foo.jpg\' align=\x22right\x22}">&lt;html&gt;&lt;head&gt;&lt;/head&gt;&lt;body&gt;&lt;/body&gt;&lt;/html&gt; </body></html>
