<html><head><script>
<!--
ss = _ss;</script>
</head><html><a id="aw" onMouseOver="return ss('print \x22Go home\x22')"><b></b></a>Last updated: monday &amp; tuesday<br><table cellspacing=0 cellpadding=0 align="right" bgColor=#ffffff border=0><tr><td><ol><li> Result: <&>"result" #0'&'<li> Goodness of result: 5<li> xml-safe result: &lt;&amp;&gt;&quot;result&quot; #0&#39;&amp;&#39;</ol></td></tr></table><table cellspacing=0 cellpadding=0 align="right" border=0><tr><td><ol><li> Result: <&>"result" #1'&'<li> Goodness of result: 6<li> xml-safe result: &lt;&amp;&gt;&quot;result&quot; #1&#39;&amp;&#39;</ol></td></tr></table><table cellspacing=0 cellpadding=0 align="right" bgColor=#ffffff border=0><tr><td><ol><li> Result: <&>"result" #2'&'<li> Goodness of result: 7<li> xml-safe result: &lt;&amp;&gt;&quot;result&quot; #2&#39;&amp;&#39;</ol></td></tr></table><center><p><hr class=z><table width=100% cellpadding=2 cellspacing=0 border=0><tr><td align=center><font size=-1></font></table><br><font size=-1 class=p></font></center></html></body>