<center><p><hr class=z><table width=100% cellpadding=2 cellspacing=0 border=0><tr><td align=center><font size=-1>&lt;b&gt;Time to go home!&lt;/b&gt; - <b>Be advertiser #2</b> - <A HREF='foo'> - <A HREF=/>About Google!</A></font></table><br><font size=-1 class=p>2005&copy; Google Inc. (all rights reserved)</font></center></div><link rel=prefetch href="/latency"><script><!--
<html><head></head><body></body></html>
<html><head>head</head><body></body></html>
//-->
</script><script><!--
<html><head>include-head</head><body>&lt;b&gt;&lt;A HREF=/&gt;&lt;/b&gt;: 0.3333</body></html><html><head><script>
<!--
</script>
</head><html><a id="aw" onMouseOver="return ss('')"><b></b></a></html></body>//-->
</script>