<center><p><hr class=z><table width=100% cellpadding=2 cellspacing=0 border=0><tr><td align=center><font size=-1></font></table><br><font size=-1 class=p></font></center>