P.abstract {margin-:0;text-align:;font-size:;}.italic {font-style:}H1 {font-size:;color:;}BODY {background:transparent url('');}